// Jest Snapshot v1, https://goo.gl/fbAQLP

exports[`ListRendering should render an initial component 1`] = `
<v-layout-stub tag="div" column="" class="my-1">
  <div class="title mb-2">List Rendering</div>
  <ul class="pl-3 mb-1">
    <li>
      Foo
    </li>
    <li>
      Bar
    </li>
    <li>
      Baz
    </li>
  </ul>
  <ul class="pl-3 mt-1">
    <li>
      Foo
    </li>
    <li>
      Bar
    </li>
    <li>
      Baz
    </li>
  </ul>
</v-layout-stub>
`;
