// Jest Snapshot v1, https://goo.gl/fbAQLP

exports[`NotFound should render an initial component 1`] = `
<v-container-stub tag="div" fluid="true" fill-height="">
  <v-layout-stub tag="div" justify-center="" align-center="">
    <div class="text-xs-center">
      <div class="display-2 primary--text pa-3">Whoops, 404!</div>
      <div class="pa-2">The page you were looking for does not exist.</div>
      <v-btn-stub color="primary" tag="button" activeclass="" to="/" type="button" outline="">Get me out of here!</v-btn-stub>
    </div>
  </v-layout-stub>
</v-container-stub>
`;
